============================================
  Transform Racer server running
  Open http://localhost:3000 in your browser
  Share your LAN IP to play with friends
============================================
[+] Player5073 joined (HA80sVtxj7EYn9DfAAAC) - 1 online
[+] Player3962 joined (9eNb3JJxiJjirRrsAAAD) - 2 online
[-] Player3962 left (9eNb3JJxiJjirRrsAAAD) - 1 online
[-] Player5073 left (HA80sVtxj7EYn9DfAAAC) - 0 online
[+] Player6170 joined (o5lm63kaEMbFX-0fAAAF) - 1 online
[*] o5lm63kaEMbFX-0fAAAF renamed to iusa
[-] iusa left (o5lm63kaEMbFX-0fAAAF) - 0 online
[+] Player5227 joined (sjwCN8r8OhZxiYbCAAAH) - 1 online
[*] sjwCN8r8OhZxiYbCAAAH renamed to asdas
[-] asdas left (sjwCN8r8OhZxiYbCAAAH) - 0 online
[+] Player3234 joined (XRFtBDm_q08U042xAAAJ) - 1 online
[*] XRFtBDm_q08U042xAAAJ renamed to asdasd
[-] asdasd left (XRFtBDm_q08U042xAAAJ) - 0 online
[+] Player8779 joined (Yg6ahuJTgnBN9KyzAAAL) - 1 online
[*] Yg6ahuJTgnBN9KyzAAAL renamed to asdsa
[-] asdsa left (Yg6ahuJTgnBN9KyzAAAL) - 0 online
[+] Player6166 joined (lqBA8C4JHgySVP42AAAN) - 1 online
[*] lqBA8C4JHgySVP42AAAN renamed to asdsaa
[-] asdsaa left (lqBA8C4JHgySVP42AAAN) - 0 online
[+] Player5502 joined (kNchBWJb_oSv3AmvAAAP) - 1 online
[*] kNchBWJb_oSv3AmvAAAP renamed to asdads
